// Jest Snapshot v1, https://goo.gl/fbAQLP

exports[`<CurriculumVitae /> renders the component 1`] = `
<DocumentFragment>
  <div
    class="curriculum"
  >
    <section
      id="personal-statement"
    >
      <h2>
        Who am I?
      </h2>
      <p>
        Test statement paragraph
      </p>
    </section>
    <section
      class="experiences"
      id="work-experience"
    >
      <h2>
        Work Experience
      </h2>
      <ul>
        <li>
          <h3>
            dummy role @ dummy company - dummy city, dummy country
          </h3>
          <dl>
            <dt>
              Type:
            </dt>
            <dd>
              full-time
            </dd>
            <dt>
              Duration:
            </dt>
            <dd>
              10/2021 - 10/2022
            </dd>
          </dl>
          <div
            class="markdown"
          >
            <p>
              dummy contributions paragraph
            </p>
            

          </div>
        </li>
        <li>
          <h3>
            dummy role intern @ same company - another city, same country
          </h3>
          <dl>
            <dt>
              Type:
            </dt>
            <dd>
              part-time
            </dd>
            <dt>
              Duration:
            </dt>
            <dd>
              06/2021 - 09/2021
            </dd>
          </dl>
          <div
            class="markdown"
          >
            <p>
              dummy contributions paragraph as intern
            </p>
            

          </div>
        </li>
      </ul>
    </section>
    <section
      class="education"
      id="education"
    >
      <h2>
        Education
      </h2>
      <ul>
        <li>
          <h3>
            dummy school
          </h3>
          <p>
            BSc Dummy Career (2019 - 2021)
          </p>
          <dl>
            <dt>
              Cumulative GPA:
            </dt>
            <dd>
              90/100
            </dd>
            <dt
              class="subjects"
            >
              Most relevant subjects and courses:
            </dt>
            <dd>
              <ul
                class="ticks"
              >
                <li>
                  hello
                </li>
                <li>
                  world
                </li>
              </ul>
            </dd>
          </dl>
        </li>
        <li>
          <h3>
            dummy research centre
          </h3>
          <p>
            MSc Dummy Career (2021 - 2023)
          </p>
          <dl>
            <dt>
              Thesis:
            </dt>
            <dd>
              Dummy Thesis Topic
            </dd>
            <dt>
              Cumulative GPA:
            </dt>
            <dd>
              95/100
            </dd>
            <dt
              class="subjects"
            >
              Most relevant subjects and courses:
            </dt>
            <dd>
              <ul
                class="ticks"
              >
                <li>
                  hello master
                </li>
                <li>
                  world master
                </li>
              </ul>
            </dd>
          </dl>
        </li>
      </ul>
    </section>
    <section
      class="experiences"
      id="academic-projects"
    >
      <h2>
        Major Academic Projects
      </h2>
      <ul>
        <li>
          <h3>
            Dummy Project 01
          </h3>
          <dl>
            <dt>
              Type:
            </dt>
            <dd>
              thesis
            </dd>
            <dt>
              Duration:
            </dt>
            <dd>
              08/2013 - 11/2014
            </dd>
          </dl>
          <div
            class="markdown"
          >
            <p>
              Dummy description paragraph 01
            </p>
            

          </div>
        </li>
        <li>
          <h3>
            Dummy Project 02
          </h3>
          <dl>
            <dt>
              Type:
            </dt>
            <dd>
              personal
            </dd>
            <dt>
              Duration:
            </dt>
            <dd>
              Spring 2023
            </dd>
          </dl>
          <div
            class="markdown"
          >
            <p>
              Dummy description paragraph 02
            </p>
            

          </div>
        </li>
      </ul>
    </section>
    <section
      id="awards"
    >
      <h2>
        Awards
      </h2>
      <ul
        class="ticks"
      >
        <li>
          Dummy Award 01
        </li>
        <li>
          Dummy Award 02
        </li>
      </ul>
    </section>
    <section
      id="leadership"
    >
      <h2>
        Leadership
      </h2>
      <div
        class="markdown"
      >
        <p>
          Test leadership paragraph
        </p>
        

      </div>
    </section>
    <section
      id="volunteering"
    >
      <h2>
        Volunteering Activities
      </h2>
      <div
        class="markdown"
      >
        <p>
          Test volunteering paragraph
        </p>
        

      </div>
    </section>
  </div>
</DocumentFragment>
`;
