// Jest Snapshot v1, https://goo.gl/fbAQLP

exports[`<CurriculumVitae /> renders the component 1`] = `
<DocumentFragment>
  <div
    class="curriculum"
  >
    <section>
      <h2>
        Who am I?
      </h2>
      <p>
        Test statement paragraph
      </p>
    </section>
    <section
      class="experiences"
    >
      <h2>
        Work Experience
      </h2>
      <ul />
    </section>
    <section
      class="education"
    >
      <h2>
        Education
      </h2>
      <ul />
    </section>
    <section
      class="experiences"
    >
      <h2>
        Major Academic Projects
      </h2>
      <ul />
    </section>
    <div>
      <h2>
        Awards
      </h2>
      <ul />
    </div>
    <div>
      <h2>
        Leadership
      </h2>
      Test leadership paragraph
    </div>
    <div>
      <h2>
        Volunteering Activities
      </h2>
      Test volunteering paragraph
    </div>
  </div>
</DocumentFragment>
`;
