// Jest Snapshot v1, https://jestjs.io/docs/snapshot-testing

exports[`<CurriculumVitae /> renders the component 1`] = `
<DocumentFragment>
  <div
    class="curriculum"
  >
    <section
      id="personal-statement"
    >
      <h2>
        Who am I?
      </h2>
      <p>
        Test statement paragraph
      </p>
    </section>
    <section
      class="experiences"
      id="work-experience"
    >
      <h2>
        Professional Experience
      </h2>
      <ul>
        <li>
          <h3>
            dummy role @ dummy company - dummy city, dummy country
          </h3>
          <dl>
            <dt>
              Type:
            </dt>
            <dd>
              full-time
            </dd>
            <dt>
              Duration:
            </dt>
            <dd>
              10/2021 - 10/2022
            </dd>
          </dl>
          <div
            class="markdown contributions"
          >
            <p>
              dummy contributions paragraph
            </p>
            

          </div>
        </li>
        <li>
          <h3>
            dummy role intern @ same company - another city, same country
          </h3>
          <dl>
            <dt>
              Type:
            </dt>
            <dd>
              part-time
            </dd>
            <dt>
              Duration:
            </dt>
            <dd>
              06/2021 - 09/2021
            </dd>
          </dl>
          <div
            class="markdown contributions"
          >
            <p>
              dummy contributions paragraph as intern
            </p>
            

          </div>
        </li>
      </ul>
    </section>
    <section
      class="education"
      id="education"
    >
      <h2>
        Education
      </h2>
      <ul>
        <li>
          <h3>
            BSc Dummy Career @ dummy school
          </h3>
          <dl>
            <dt
              class="duration"
            >
              Duration:
            </dt>
            <dd>
              2019 - 2021
            </dd>
            <dt
              class="gpa"
            >
              GPA
            </dt>
            <dd>
              90
            </dd>
            <dt
              class="subjects"
            >
              Key modules:
            </dt>
            <dd>
              hello, world
            </dd>
          </dl>
        </li>
        <li>
          <h3>
            MSc Dummy Career @ dummy research centre
          </h3>
          <dl>
            <dt>
              Thesis:
            </dt>
            <dd>
              Dummy Thesis Topic
            </dd>
            <dt
              class="duration"
            >
              Duration:
            </dt>
            <dd>
              2021 - 2023
            </dd>
            <dt
              class="gpa"
            >
              GPA
            </dt>
            <dd>
              95
            </dd>
            <dt
              class="subjects"
            >
              Key modules:
            </dt>
            <dd>
              hello master, world master
            </dd>
          </dl>
        </li>
      </ul>
    </section>
    <section
      class="experiences"
      id="academic-projects"
    >
      <h2>
        Selected Academic Work
      </h2>
      <ul>
        <li>
          <h3>
            Dummy Project 01
          </h3>
          <dl>
            <dt>
              Type:
            </dt>
            <dd>
              thesis
            </dd>
            <dt>
              Duration:
            </dt>
            <dd>
              08/2013 - 11/2014
            </dd>
          </dl>
          <div
            class="markdown project-description"
          >
            <p>
              Dummy description paragraph 01
            </p>
            

          </div>
        </li>
        <li>
          <h3>
            Dummy Project 02
          </h3>
          <dl>
            <dt>
              Type:
            </dt>
            <dd>
              personal
            </dd>
            <dt>
              Duration:
            </dt>
            <dd>
              Spring 2023
            </dd>
          </dl>
          <div
            class="markdown project-description"
          >
            <p>
              Dummy description paragraph 02
            </p>
            

          </div>
        </li>
      </ul>
    </section>
    <section
      id="open-source"
    >
      <h2>
        Open Source & Personal Projects
      </h2>
      <dl
        class="ticks"
      >
        <dt>
          <a
            href="https://github.com/dummy/dummy-project-01"
            rel="noopener noreferrer"
            target="_blank"
          >
            Dummy Open Source Project 01
          </a>
        </dt>
        <dd>
          Dummy description paragraph 01
        </dd>
        <dt>
          <a
            href="https://github.com/dummy/dummy-project-02"
            rel="noopener noreferrer"
            target="_blank"
          >
            Dummy Open Source Project 02
          </a>
        </dt>
        <dd>
          Dummy description paragraph 02
        </dd>
      </dl>
    </section>
    <section
      id="leadership"
    >
      <h2>
        Leadership & Volunteering Activities
      </h2>
      <div
        class="markdown contributions"
      >
        <p>
          Test leadership paragraph
        </p>
        

      </div>
    </section>
    <section
      id="awards"
    >
      <h2>
        Awards
      </h2>
      <ul
        class="ticks"
      >
        <li>
          Dummy Award 01
        </li>
        <li>
          Dummy Award 02
        </li>
      </ul>
    </section>
  </div>
</DocumentFragment>
`;
