// Jest Snapshot v1, https://goo.gl/fbAQLP

exports[`<HeroSlider /> renders the component correctly with passed name 1`] = `
<DocumentFragment>
  <figure>
    <img
      alt="Dummy caption 01"
      data-nimg="1"
      decoding="async"
      height="768"
      loading="lazy"
      src="/_next/image?url=https%3A%2F%2Fcdn.instagram.com%2Fdummy-01.jpg&w=3840&q=75"
      srcset="/_next/image?url=https%3A%2F%2Fcdn.instagram.com%2Fdummy-01.jpg&w=1920&q=75 1x, /_next/image?url=https%3A%2F%2Fcdn.instagram.com%2Fdummy-01.jpg&w=3840&q=75 2x"
      style="color: transparent;"
      width="1440"
    />
    <figcaption>
      Dummy caption 01
    </figcaption>
  </figure>
  <figure>
    <img
      alt="Dummy caption 01"
      data-nimg="1"
      decoding="async"
      height="768"
      loading="lazy"
      src="/_next/image?url=https%3A%2F%2Fcdn.instagram.com%2Fdummy-01.jpg&w=3840&q=75"
      srcset="/_next/image?url=https%3A%2F%2Fcdn.instagram.com%2Fdummy-01.jpg&w=1920&q=75 1x, /_next/image?url=https%3A%2F%2Fcdn.instagram.com%2Fdummy-01.jpg&w=3840&q=75 2x"
      style="color: transparent;"
      width="1440"
    />
    <figcaption>
      Dummy caption 01
    </figcaption>
  </figure>
</DocumentFragment>
`;
