// Jest Snapshot v1, https://jestjs.io/docs/snapshot-testing

exports[`<HeroSlider /> renders the component correctly with passed name 1`] = `
<DocumentFragment>
  <figure>
    <img
      alt="Dummy caption 01"
      height="768"
      src="https://cdn.instagram.com/dummy-01.jpg"
      width="1440"
    />
    <figcaption>
      Dummy caption 01
    </figcaption>
  </figure>
  <figure>
    <img
      alt="Dummy caption 01"
      height="768"
      src="https://cdn.instagram.com/dummy-01.jpg"
      width="1440"
    />
    <figcaption>
      Dummy caption 01
    </figcaption>
  </figure>
</DocumentFragment>
`;
