// Jest Snapshot v1, https://goo.gl/fbAQLP

exports[`<NavigationBar /> renders the component correctly with passed name 1`] = `
<DocumentFragment>
  <nav
    class="navigation-bar "
    id="navigation-bar"
  >
    <a
      class="logo"
      href="/"
    >
      <img
        alt="logo"
        data-nimg="1"
        decoding="async"
        height="48"
        loading="lazy"
        src="/logo.svg"
        style="color: transparent;"
        width="48"
      />
      My Name
    </a>
    <ul
      class="sections"
    >
      <li>
        <a
          href="#"
        >
          Experience
        </a>
      </li>
      <li>
        <a
          href="#"
        >
          Education
        </a>
      </li>
      <li>
        <a
          href="#"
        >
          Skills
        </a>
      </li>
      <li>
        <a
          href="#"
        >
          Projects
        </a>
      </li>
      <li>
        <a
          href="#"
        >
          Hobbies
        </a>
      </li>
      <li
        class="action"
      >
        <a
          href="#"
        >
          E-mail
        </a>
      </li>
      <li
        class="action"
      >
        <a
          class="call-to-action"
          href="#"
        >
          Download
        </a>
      </li>
      <li
        class="icon"
      >
        <a
          href="#"
        >
          <i
            class="fa fa-bars"
          />
        </a>
      </li>
    </ul>
  </nav>
</DocumentFragment>
`;
