// Jest Snapshot v1, https://jestjs.io/docs/snapshot-testing

exports[`<GeoFootball ...>...</GeoFootball> renders the component correctly 1`] = `
<DocumentFragment>
  <div
    data-testid="test-map"
  >
    <form
      class="form"
      id="popup-add-form"
      method="POST"
    >
      <h3>
        Add New Marker
      </h3>
      <label
        for="name"
      >
        Name:
      </label>
      <input
        id="name"
        name="name"
        required=""
        role="textbox"
        type="text"
      />
      <div
        class="error"
      />
      <div
        class="location"
      >
        <div>
          <label
            for="latitude"
          >
            Latitude:
          </label>
          <input
            disabled=""
            id="latitude"
            name="latitude"
            type="text"
            value="51.47800"
          />
        </div>
        <div>
          <label
            for="longitude"
          >
            Longitude:
          </label>
          <input
            disabled=""
            id="longitude"
            name="longitude"
            type="text"
            value="0.00000"
          />
        </div>
      </div>
      <div
        class="country-time"
      >
        <div
          class="country"
        >
          <label
            for="country"
          >
            Country:
          </label>
          <select
            class="my-font"
            id="country"
            name="country"
          >
            <option
              class="my-font"
              value="GB"
            >
              🇬🇧
            </option>
          </select>
        </div>
        <div>
          <label
            for="time-zone"
          >
            Timezone:
          </label>
          <input
            id="time-zone"
            name="time_zone"
            type="text"
          />
        </div>
      </div>
      <label
        for="info-en"
      >
        Additional information:
      </label>
      <input
        id="info-en"
        name="info_en"
        type="text"
      />
      <button
        type="submit"
      >
        Save
      </button>
    </form>
    <div
      class="popup"
      role="note"
    >
      <h3>
        Canary Wharf
      </h3>
      <dl>
        <dt>
          Country: 
        </dt>
        <dd>
          GB 
          <span
            class="my-font"
          >
            🇬🇧
          </span>
        </dd>
        <dt>
          Position: 
        </dt>
        <dd>
          51.50361, -0.01861
        </dd>
        <dt>
          Timezone: 
        </dt>
        <dd>
          Europe/London
        </dd>
      </dl>
      <p>
        London Underground Station
      </p>
      <button
        class="delete"
      >
        <img
          alt="Delete"
          height="16"
          src="https://cdn-icons-png.flaticon.com/512/6711/6711573.png"
          width="16"
        />
        Delete
      </button>
    </div>
  </div>
</DocumentFragment>
`;
