// Jest Snapshot v1, https://jestjs.io/docs/snapshot-testing

exports[`<Loading /> renders the component correctly with passed name 1`] = `
<DocumentFragment>
  <img
    alt="Hello World"
    height="16"
    src="https://i.gifer.com/VAyR.gif"
    width="16"
  />
   Hello World
</DocumentFragment>
`;
