// Jest Snapshot v1, https://goo.gl/fbAQLP

exports[`<Footer /> renders the component correctly 1`] = `
<footer
  className="footer"
>
  <ul>
    <li>
      <h4>
        Tech Stuff
      </h4>
      <ul>
        <li>
          <a
            href="#"
            onClick={[Function]}
            onMouseEnter={[Function]}
            onTouchStart={[Function]}
          >
            C++
          </a>
        </li>
        <li>
          <a
            href="#"
            onClick={[Function]}
            onMouseEnter={[Function]}
            onTouchStart={[Function]}
          >
            TypeScript
          </a>
        </li>
        <li>
          <a
            href="#"
            onClick={[Function]}
            onMouseEnter={[Function]}
            onTouchStart={[Function]}
          >
            Ruby
          </a>
        </li>
        <li>
          <a
            href="#"
            onClick={[Function]}
            onMouseEnter={[Function]}
            onTouchStart={[Function]}
          >
            Terraform
          </a>
        </li>
        <li>
          <a
            href="#"
            onClick={[Function]}
            onMouseEnter={[Function]}
            onTouchStart={[Function]}
          >
            Golang
          </a>
        </li>
        <li>
          <a
            href="#"
            onClick={[Function]}
            onMouseEnter={[Function]}
            onTouchStart={[Function]}
          >
            Python
          </a>
        </li>
        <li>
          <a
            href="#"
            onClick={[Function]}
            onMouseEnter={[Function]}
            onTouchStart={[Function]}
          >
            Cloud - AWS
          </a>
        </li>
        <li>
          <a
            href="#"
            onClick={[Function]}
            onMouseEnter={[Function]}
            onTouchStart={[Function]}
          >
            Git
          </a>
        </li>
      </ul>
    </li>
    <li>
      <h4>
        Skills
      </h4>
      <ul>
        <li>
          <a
            href="#"
            onClick={[Function]}
            onMouseEnter={[Function]}
            onTouchStart={[Function]}
          >
            Algorithms and Data Structures
          </a>
        </li>
        <li>
          <a
            href="#"
            onClick={[Function]}
            onMouseEnter={[Function]}
            onTouchStart={[Function]}
          >
            Mathematics
          </a>
        </li>
        <li>
          <a
            href="#"
            onClick={[Function]}
            onMouseEnter={[Function]}
            onTouchStart={[Function]}
          >
            Software Engineering
          </a>
        </li>
        <li>
          <a
            href="#"
            onClick={[Function]}
            onMouseEnter={[Function]}
            onTouchStart={[Function]}
          >
            Web Development
          </a>
        </li>
        <li>
          <a
            href="#"
            onClick={[Function]}
            onMouseEnter={[Function]}
            onTouchStart={[Function]}
          >
            Continuous Integration
          </a>
        </li>
        <li>
          <a
            href="#"
            onClick={[Function]}
            onMouseEnter={[Function]}
            onTouchStart={[Function]}
          >
            Tech Agnostic
          </a>
        </li>
        <li>
          <a
            href="#"
            onClick={[Function]}
            onMouseEnter={[Function]}
            onTouchStart={[Function]}
          >
            Proactivity
          </a>
        </li>
        <li>
          <a
            href="#"
            onClick={[Function]}
            onMouseEnter={[Function]}
            onTouchStart={[Function]}
          >
            Continuous Learning
          </a>
        </li>
      </ul>
    </li>
    <li>
      <h4>
        Personal Projects
      </h4>
      <ul>
        <li>
          <a
            href="#"
            onClick={[Function]}
            onMouseEnter={[Function]}
            onTouchStart={[Function]}
          >
            Algorists Group
          </a>
        </li>
        <li>
          <a
            href="#"
            onClick={[Function]}
            onMouseEnter={[Function]}
            onTouchStart={[Function]}
          >
            Unit Test Zeal
          </a>
        </li>
        <li>
          <a
            href="#"
            onClick={[Function]}
            onMouseEnter={[Function]}
            onTouchStart={[Function]}
          >
            Personal Website
          </a>
        </li>
        <li>
          <a
            href="#"
            onClick={[Function]}
            onMouseEnter={[Function]}
            onTouchStart={[Function]}
          >
            Jarnik Build System
          </a>
        </li>
        <li>
          <a
            href="#"
            onClick={[Function]}
            onMouseEnter={[Function]}
            onTouchStart={[Function]}
          >
            Spectral Clustering
          </a>
        </li>
      </ul>
    </li>
    <li>
      <h4>
        Volunteering
      </h4>
      <ul>
        <li>
          <a
            href="#"
            onClick={[Function]}
            onMouseEnter={[Function]}
            onTouchStart={[Function]}
          >
            LEGO Robotics and Tech for Kids
          </a>
        </li>
        <li>
          <a
            href="#"
            onClick={[Function]}
            onMouseEnter={[Function]}
            onTouchStart={[Function]}
          >
            Plant Trees
          </a>
        </li>
        <li>
          <a
            href="#"
            onClick={[Function]}
            onMouseEnter={[Function]}
            onTouchStart={[Function]}
          >
            OmegaUp Latinoamerica
          </a>
        </li>
        <li>
          <a
            href="#"
            onClick={[Function]}
            onMouseEnter={[Function]}
            onTouchStart={[Function]}
          >
            Rider Photoshoot
          </a>
        </li>
        <li>
          <a
            href="#"
            onClick={[Function]}
            onMouseEnter={[Function]}
            onTouchStart={[Function]}
          >
            Charity Events
          </a>
        </li>
      </ul>
    </li>
    <li>
      <h4>
        Hobbies and fun
      </h4>
      <ul>
        <li>
          <a
            href="#"
            onClick={[Function]}
            onMouseEnter={[Function]}
            onTouchStart={[Function]}
          >
            Cooking
          </a>
        </li>
        <li>
          <a
            href="#"
            onClick={[Function]}
            onMouseEnter={[Function]}
            onTouchStart={[Function]}
          >
            Liverpool FC
          </a>
        </li>
        <li>
          <a
            href="#"
            onClick={[Function]}
            onMouseEnter={[Function]}
            onTouchStart={[Function]}
          >
            Anime
          </a>
        </li>
        <li>
          <a
            href="#"
            onClick={[Function]}
            onMouseEnter={[Function]}
            onTouchStart={[Function]}
          >
            Videogames
          </a>
        </li>
        <li>
          <a
            href="#"
            onClick={[Function]}
            onMouseEnter={[Function]}
            onTouchStart={[Function]}
          >
            Boardgames
          </a>
        </li>
        <li>
          <a
            href="#"
            onClick={[Function]}
            onMouseEnter={[Function]}
            onTouchStart={[Function]}
          >
            Watching sports
          </a>
        </li>
        <li>
          <a
            href="#"
            onClick={[Function]}
            onMouseEnter={[Function]}
            onTouchStart={[Function]}
          >
            Travel and Hiking
          </a>
        </li>
      </ul>
    </li>
    <li>
      <h4>
        Hates and boring
      </h4>
      <ul>
        <li>
          <a
            href="#"
            onClick={[Function]}
            onMouseEnter={[Function]}
            onTouchStart={[Function]}
          >
            Apple stuff
          </a>
        </li>
        <li>
          <a
            href="#"
            onClick={[Function]}
            onMouseEnter={[Function]}
            onTouchStart={[Function]}
          >
            Real Madrid FC
          </a>
        </li>
        <li>
          <a
            href="#"
            onClick={[Function]}
            onMouseEnter={[Function]}
            onTouchStart={[Function]}
          >
            Java stuff
          </a>
        </li>
      </ul>
    </li>
  </ul>
</footer>
`;
